exports[`test should render the CommentForm 1`] = `
ShallowWrapper {
  "complexSelector": ComplexSelector {
    "buildPredicate": [Function],
    "childrenOfNode": [Function],
    "findWhereUnwrapped": [Function],
  },
  "length": 1,
  "node": <div
    className="comment-form">
    <div
        className="comment-form__row">
        <Unknown
            errors={Array []}
            isRequired={true}
            label="Name"
            name="name"
            onChange={[Function]}
            placeholder="Place your name here..."
            type="text"
            value="" />
        <Unknown
            errors={Array []}
            isRequired={true}
            label="Email"
            name="email"
            onChange={[Function]}
            placeholder="username@company.com"
            type="email"
            value="" />
    </div>
    <div
        className="comment-form__row--text-area">
        <Unknown
            errors={Array []}
            isRequired={true}
            label="Comment"
            name="comment"
            onChange={[Function]}
            placeholder="Place your comment here..."
            value="" />
    </div>
    <div
        className="comment-form__row--submit">
        <Unknown
            onSubmit={[Function]}>
            Submit Comment
        </Unknown>
    </div>
</div>,
  "nodes": Array [
    <div
      className="comment-form">
      <div
            className="comment-form__row">
            <Unknown
                  errors={Array []}
                  isRequired={true}
                  label="Name"
                  name="name"
                  onChange={[Function]}
                  placeholder="Place your name here..."
                  type="text"
                  value="" />
            <Unknown
                  errors={Array []}
                  isRequired={true}
                  label="Email"
                  name="email"
                  onChange={[Function]}
                  placeholder="username@company.com"
                  type="email"
                  value="" />
      </div>
      <div
            className="comment-form__row--text-area">
            <Unknown
                  errors={Array []}
                  isRequired={true}
                  label="Comment"
                  name="comment"
                  onChange={[Function]}
                  placeholder="Place your comment here..."
                  value="" />
      </div>
      <div
            className="comment-form__row--submit">
            <Unknown
                  onSubmit={[Function]}>
                  Submit Comment
            </Unknown>
      </div>
</div>,
  ],
  "options": Object {},
  "renderer": ReactShallowRenderer {
    "_instance": ShallowComponentWrapper {
      "_calledComponentWillUnmount": false,
      "_compositeType": 2,
      "_context": Object {},
      "_currentElement": <Unknown
        comment={
                Object {
                        "comment": "",
                        "email": "",
                        "name": "",
                      }
        }
        errors={
                Object {
                        "comment": Array [],
                        "email": Array [],
                        "name": Array [],
                      }
        }
        onChange={[Function]}
        onSubmit={[Function]} />,
      "_debugID": 1,
      "_hostContainerInfo": null,
      "_hostParent": null,
      "_instance": StatelessComponent {
        "_reactInternalInstance": [Circular],
        "context": Object {},
        "props": Object {
          "comment": Object {
            "comment": "",
            "email": "",
            "name": "",
          },
          "errors": Object {
            "comment": Array [],
            "email": Array [],
            "name": Array [],
          },
          "onChange": [Function],
          "onSubmit": [Function],
        },
        "refs": Object {},
        "state": null,
        "updater": Object {
          "enqueueCallback": [Function],
          "enqueueCallbackInternal": [Function],
          "enqueueElementInternal": [Function],
          "enqueueForceUpdate": [Function],
          "enqueueReplaceState": [Function],
          "enqueueSetState": [Function],
          "isMounted": [Function],
          "validateCallback": [Function],
        },
      },
      "_mountOrder": 1,
      "_pendingCallbacks": null,
      "_pendingElement": null,
      "_pendingForceUpdate": false,
      "_pendingReplaceState": false,
      "_pendingStateQueue": null,
      "_renderedComponent": NoopInternalComponent {
        "_currentElement": <div
          className="comment-form">
          <div
                    className="comment-form__row">
                    <Unknown
                              errors={Array []}
                              isRequired={true}
                              label="Name"
                              name="name"
                              onChange={[Function]}
                              placeholder="Place your name here..."
                              type="text"
                              value="" />
                    <Unknown
                              errors={Array []}
                              isRequired={true}
                              label="Email"
                              name="email"
                              onChange={[Function]}
                              placeholder="username@company.com"
                              type="email"
                              value="" />
          </div>
          <div
                    className="comment-form__row--text-area">
                    <Unknown
                              errors={Array []}
                              isRequired={true}
                              label="Comment"
                              name="comment"
                              onChange={[Function]}
                              placeholder="Place your comment here..."
                              value="" />
          </div>
          <div
                    className="comment-form__row--submit">
                    <Unknown
                              onSubmit={[Function]}>
                              Submit Comment
                    </Unknown>
          </div>
</div>,
        "_debugID": 2,
        "_renderedOutput": <div
          className="comment-form">
          <div
                    className="comment-form__row">
                    <Unknown
                              errors={Array []}
                              isRequired={true}
                              label="Name"
                              name="name"
                              onChange={[Function]}
                              placeholder="Place your name here..."
                              type="text"
                              value="" />
                    <Unknown
                              errors={Array []}
                              isRequired={true}
                              label="Email"
                              name="email"
                              onChange={[Function]}
                              placeholder="username@company.com"
                              type="email"
                              value="" />
          </div>
          <div
                    className="comment-form__row--text-area">
                    <Unknown
                              errors={Array []}
                              isRequired={true}
                              label="Comment"
                              name="comment"
                              onChange={[Function]}
                              placeholder="Place your comment here..."
                              value="" />
          </div>
          <div
                    className="comment-form__row--submit">
                    <Unknown
                              onSubmit={[Function]}>
                              Submit Comment
                    </Unknown>
          </div>
</div>,
      },
      "_renderedNodeType": 0,
      "_rootNodeID": 0,
      "_topLevelWrapper": null,
      "_updateBatchNumber": null,
      "_warnedAboutRefsInRender": false,
    },
    "getRenderOutput": [Function],
    "render": [Function],
  },
  "root": [Circular],
  "unrendered": <Unknown
    comment={
        Object {
            "comment": "",
            "email": "",
            "name": "",
          }
    }
    errors={
        Object {
            "comment": Array [],
            "email": Array [],
            "name": Array [],
          }
    }
    onChange={[Function]}
    onSubmit={[Function]} />,
}
`;
