exports[`test should render the About 1`] = `
ShallowWrapper {
  "complexSelector": ComplexSelector {
    "buildPredicate": [Function],
    "childrenOfNode": [Function],
    "findWhereUnwrapped": [Function],
  },
  "length": 1,
  "node": <div
    className="about"
    data-aos="flip-up"
    data-aos-anchor-placement="top-center">
    <styled.p>
        title
    </styled.p>
    <Separator />
    <styled.p>
        subtitle
    </styled.p>
    <Divider />
    <styled.p>
        text
    </styled.p>
</div>,
  "nodes": Array [
    <div
      className="about"
      data-aos="flip-up"
      data-aos-anchor-placement="top-center">
      <styled.p>
            title
      </styled.p>
      <Separator />
      <styled.p>
            subtitle
      </styled.p>
      <Divider />
      <styled.p>
            text
      </styled.p>
</div>,
  ],
  "options": Object {},
  "renderer": ReactShallowRenderer {
    "_instance": ShallowComponentWrapper {
      "_calledComponentWillUnmount": false,
      "_compositeType": 2,
      "_context": Object {},
      "_currentElement": <About
        subtitle="subtitle"
        text="text"
        title="title" />,
      "_debugID": 1,
      "_hostContainerInfo": null,
      "_hostParent": null,
      "_instance": StatelessComponent {
        "_reactInternalInstance": [Circular],
        "context": Object {},
        "props": Object {
          "subtitle": "subtitle",
          "text": "text",
          "title": "title",
        },
        "refs": Object {},
        "state": null,
        "updater": Object {
          "enqueueCallback": [Function],
          "enqueueCallbackInternal": [Function],
          "enqueueElementInternal": [Function],
          "enqueueForceUpdate": [Function],
          "enqueueReplaceState": [Function],
          "enqueueSetState": [Function],
          "isMounted": [Function],
          "validateCallback": [Function],
        },
      },
      "_mountOrder": 1,
      "_pendingCallbacks": null,
      "_pendingElement": null,
      "_pendingForceUpdate": false,
      "_pendingReplaceState": false,
      "_pendingStateQueue": null,
      "_renderedComponent": NoopInternalComponent {
        "_currentElement": <div
          className="about"
          data-aos="flip-up"
          data-aos-anchor-placement="top-center">
          <styled.p>
                    title
          </styled.p>
          <Separator />
          <styled.p>
                    subtitle
          </styled.p>
          <Divider />
          <styled.p>
                    text
          </styled.p>
</div>,
        "_debugID": 2,
        "_renderedOutput": <div
          className="about"
          data-aos="flip-up"
          data-aos-anchor-placement="top-center">
          <styled.p>
                    title
          </styled.p>
          <Separator />
          <styled.p>
                    subtitle
          </styled.p>
          <Divider />
          <styled.p>
                    text
          </styled.p>
</div>,
      },
      "_renderedNodeType": 0,
      "_rootNodeID": 0,
      "_topLevelWrapper": null,
      "_updateBatchNumber": null,
      "_warnedAboutRefsInRender": false,
    },
    "getRenderOutput": [Function],
    "render": [Function],
  },
  "root": [Circular],
  "unrendered": <About
    subtitle="subtitle"
    text="text"
    title="title" />,
}
`;
