exports[`test should render the Home 1`] = `
ShallowWrapper {
  "complexSelector": ComplexSelector {
    "buildPredicate": [Function],
    "childrenOfNode": [Function],
    "findWhereUnwrapped": [Function],
  },
  "length": 1,
  "node": <div
    className="home"
    id="HOME">
    <About
        subtitle="Great projects for relevant companies"
        text="At Elements you will work with worldwide companies. These companies are as ambicious as all our Elements personel. Here some of the companies we have worked with:"
        title="Creating rock solid applications for web and mobile" />
    <Connect(Clients) />
</div>,
  "nodes": Array [
    <div
      className="home"
      id="HOME">
      <About
            subtitle="Great projects for relevant companies"
            text="At Elements you will work with worldwide companies. These companies are as ambicious as all our Elements personel. Here some of the companies we have worked with:"
            title="Creating rock solid applications for web and mobile" />
      <Connect(Clients) />
</div>,
  ],
  "options": Object {},
  "renderer": ReactShallowRenderer {
    "_instance": ShallowComponentWrapper {
      "_calledComponentWillUnmount": false,
      "_compositeType": 2,
      "_context": Object {},
      "_currentElement": <Home />,
      "_debugID": 1,
      "_hostContainerInfo": null,
      "_hostParent": null,
      "_instance": StatelessComponent {
        "_reactInternalInstance": [Circular],
        "context": Object {},
        "props": Object {},
        "refs": Object {},
        "state": null,
        "updater": Object {
          "enqueueCallback": [Function],
          "enqueueCallbackInternal": [Function],
          "enqueueElementInternal": [Function],
          "enqueueForceUpdate": [Function],
          "enqueueReplaceState": [Function],
          "enqueueSetState": [Function],
          "isMounted": [Function],
          "validateCallback": [Function],
        },
      },
      "_mountOrder": 1,
      "_pendingCallbacks": null,
      "_pendingElement": null,
      "_pendingForceUpdate": false,
      "_pendingReplaceState": false,
      "_pendingStateQueue": null,
      "_renderedComponent": NoopInternalComponent {
        "_currentElement": <div
          className="home"
          id="HOME">
          <About
                    subtitle="Great projects for relevant companies"
                    text="At Elements you will work with worldwide companies. These companies are as ambicious as all our Elements personel. Here some of the companies we have worked with:"
                    title="Creating rock solid applications for web and mobile" />
          <Connect(Clients) />
</div>,
        "_debugID": 2,
        "_renderedOutput": <div
          className="home"
          id="HOME">
          <About
                    subtitle="Great projects for relevant companies"
                    text="At Elements you will work with worldwide companies. These companies are as ambicious as all our Elements personel. Here some of the companies we have worked with:"
                    title="Creating rock solid applications for web and mobile" />
          <Connect(Clients) />
</div>,
      },
      "_renderedNodeType": 0,
      "_rootNodeID": 0,
      "_topLevelWrapper": null,
      "_updateBatchNumber": null,
      "_warnedAboutRefsInRender": false,
    },
    "getRenderOutput": [Function],
    "render": [Function],
  },
  "root": [Circular],
  "unrendered": <Home />,
}
`;
