exports[`test should render the Comments 1`] = `
ShallowWrapper {
  "complexSelector": ComplexSelector {
    "buildPredicate": [Function],
    "childrenOfNode": [Function],
    "findWhereUnwrapped": [Function],
  },
  "length": 1,
  "node": <div
    className="comments">
    <div
        className="comments__info">
        <styled.p
            className="comments__info__author" />
    </div>
    <styled.p
        className="comments__comment" />
</div>,
  "nodes": Array [
    <div
      className="comments">
      <div
            className="comments__info">
            <styled.p
                  className="comments__info__author" />
      </div>
      <styled.p
            className="comments__comment" />
</div>,
  ],
  "options": Object {},
  "renderer": ReactShallowRenderer {
    "_instance": ShallowComponentWrapper {
      "_calledComponentWillUnmount": false,
      "_compositeType": 2,
      "_context": Object {},
      "_currentElement": <Comments
        comment={
                Object {
                        "comment": "",
                        "name": "",
                      }
        } />,
      "_debugID": 1,
      "_hostContainerInfo": null,
      "_hostParent": null,
      "_instance": StatelessComponent {
        "_reactInternalInstance": [Circular],
        "context": Object {},
        "props": Object {
          "comment": Object {
            "comment": "",
            "name": "",
          },
        },
        "refs": Object {},
        "state": null,
        "updater": Object {
          "enqueueCallback": [Function],
          "enqueueCallbackInternal": [Function],
          "enqueueElementInternal": [Function],
          "enqueueForceUpdate": [Function],
          "enqueueReplaceState": [Function],
          "enqueueSetState": [Function],
          "isMounted": [Function],
          "validateCallback": [Function],
        },
      },
      "_mountOrder": 1,
      "_pendingCallbacks": null,
      "_pendingElement": null,
      "_pendingForceUpdate": false,
      "_pendingReplaceState": false,
      "_pendingStateQueue": null,
      "_renderedComponent": NoopInternalComponent {
        "_currentElement": <div
          className="comments">
          <div
                    className="comments__info">
                    <styled.p
                              className="comments__info__author" />
          </div>
          <styled.p
                    className="comments__comment" />
</div>,
        "_debugID": 2,
        "_renderedOutput": <div
          className="comments">
          <div
                    className="comments__info">
                    <styled.p
                              className="comments__info__author" />
          </div>
          <styled.p
                    className="comments__comment" />
</div>,
      },
      "_renderedNodeType": 0,
      "_rootNodeID": 0,
      "_topLevelWrapper": null,
      "_updateBatchNumber": null,
      "_warnedAboutRefsInRender": false,
    },
    "getRenderOutput": [Function],
    "render": [Function],
  },
  "root": [Circular],
  "unrendered": <Comments
    comment={
        Object {
            "comment": "",
            "name": "",
          }
    } />,
}
`;
