exports[`test should render the Blog 1`] = `
ShallowWrapper {
  "complexSelector": ComplexSelector {
    "buildPredicate": [Function],
    "childrenOfNode": [Function],
    "findWhereUnwrapped": [Function],
  },
  "length": 1,
  "node": <div
    className="blog"
    id="BLOG">
    <div
        className="blog__about">
        <Unknown
            subtitle="Great apps and webs for all!"
            text="At Elements we believe that everybody should have access to an easy and correct experience with their device. We specialize on mobile, but we try to deliver a product for every platform, so everybody is happy! " />
    </div>
    <Unknown
        overlay={true}
        subtitle="Lorem ipsum dolor sit amet, consectetur adipisicing elit, sed do eiusmod tempor incididunt ut labore et dolore magna aliqua."
        title="Lorem Ipsum Dolor Sit Amet" />
    <Unknown />
    <Connect(Component) />
</div>,
  "nodes": Array [
    <div
      className="blog"
      id="BLOG">
      <div
            className="blog__about">
            <Unknown
                  subtitle="Great apps and webs for all!"
                  text="At Elements we believe that everybody should have access to an easy and correct experience with their device. We specialize on mobile, but we try to deliver a product for every platform, so everybody is happy! " />
      </div>
      <Unknown
            overlay={true}
            subtitle="Lorem ipsum dolor sit amet, consectetur adipisicing elit, sed do eiusmod tempor incididunt ut labore et dolore magna aliqua."
            title="Lorem Ipsum Dolor Sit Amet" />
      <Unknown />
      <Connect(Component) />
</div>,
  ],
  "options": Object {},
  "renderer": ReactShallowRenderer {
    "_instance": ShallowComponentWrapper {
      "_calledComponentWillUnmount": false,
      "_compositeType": 2,
      "_context": Object {},
      "_currentElement": <Unknown />,
      "_debugID": 1,
      "_hostContainerInfo": null,
      "_hostParent": null,
      "_instance": StatelessComponent {
        "_reactInternalInstance": [Circular],
        "context": Object {},
        "props": Object {},
        "refs": Object {},
        "state": null,
        "updater": Object {
          "enqueueCallback": [Function],
          "enqueueCallbackInternal": [Function],
          "enqueueElementInternal": [Function],
          "enqueueForceUpdate": [Function],
          "enqueueReplaceState": [Function],
          "enqueueSetState": [Function],
          "isMounted": [Function],
          "validateCallback": [Function],
        },
      },
      "_mountOrder": 1,
      "_pendingCallbacks": null,
      "_pendingElement": null,
      "_pendingForceUpdate": false,
      "_pendingReplaceState": false,
      "_pendingStateQueue": null,
      "_renderedComponent": NoopInternalComponent {
        "_currentElement": <div
          className="blog"
          id="BLOG">
          <div
                    className="blog__about">
                    <Unknown
                              subtitle="Great apps and webs for all!"
                              text="At Elements we believe that everybody should have access to an easy and correct experience with their device. We specialize on mobile, but we try to deliver a product for every platform, so everybody is happy! " />
          </div>
          <Unknown
                    overlay={true}
                    subtitle="Lorem ipsum dolor sit amet, consectetur adipisicing elit, sed do eiusmod tempor incididunt ut labore et dolore magna aliqua."
                    title="Lorem Ipsum Dolor Sit Amet" />
          <Unknown />
          <Connect(Component) />
</div>,
        "_debugID": 2,
        "_renderedOutput": <div
          className="blog"
          id="BLOG">
          <div
                    className="blog__about">
                    <Unknown
                              subtitle="Great apps and webs for all!"
                              text="At Elements we believe that everybody should have access to an easy and correct experience with their device. We specialize on mobile, but we try to deliver a product for every platform, so everybody is happy! " />
          </div>
          <Unknown
                    overlay={true}
                    subtitle="Lorem ipsum dolor sit amet, consectetur adipisicing elit, sed do eiusmod tempor incididunt ut labore et dolore magna aliqua."
                    title="Lorem Ipsum Dolor Sit Amet" />
          <Unknown />
          <Connect(Component) />
</div>,
      },
      "_renderedNodeType": 0,
      "_rootNodeID": 0,
      "_topLevelWrapper": null,
      "_updateBatchNumber": null,
      "_warnedAboutRefsInRender": false,
    },
    "getRenderOutput": [Function],
    "render": [Function],
  },
  "root": [Circular],
  "unrendered": <Unknown />,
}
`;
